ɣe²⁴
zi³³
za³³
zaːw³³
zɔ³³
zun³³
zaːŋ³²
zaːk⁴⁵
zɛ²⁴
zɔj³²
zɨəŋ³²
zaːj³¹²
zaːm³¹²
zəj²⁴
zam²¹ˀ
zɛw²¹ˀ
ziəŋ³²
zɔŋ³¹²
zo³ˀ⁵
zə³²
ɣɔ³³
zi³²
zim³²
zin³²
ɣɔk⁴⁵
ɣɔj²⁴
kʷi³³
kʷiən²¹ˀ
kʷiət²¹
kʷi²⁴
kʷok⁴⁵
kʷi²⁴
tɕʷiən³²
hʷaːj³²
ɗʷaːj³²
ʔʷiw³¹²