ʔa³²
ɓa³³
ka³³
tɕa³³
zaːw³³
ɗa³³
ɣe²⁴
ɣa³²
zi³²
za³³
hʷa³³
ha³²
kew³³
xi³¹²
la²⁴
nɨə³ˀ⁵
ŋe³²
ŋɨə²¹ˀ
ɲa³²
fuk⁴⁵
kʷa³³
zɛ³ˀ⁵
sɨə³ˀ⁵
tɨ³²
tʰa³³
tɕe³ˀ⁵
va³²
vuə³³
sa³³