kiŋ³³
sa³³ ɗɛːk⁴⁵
ʔaːn³³
ʔɛŋ³³
ɓa³³ tɔːŋ³³
ɓaːŋ³³
ɓuəm³²
ɓuən³²
ɓuək²¹
ɓɛŋ²⁴
ɓɛːŋ²⁴
ɓaŋ³³
ɓɨəm²⁴
ɓaːt²¹
ɓət⁴⁵
ɓəŋ³²
ɓeŋ²¹ˀ
ɓəːt⁴⁵
kɛŋ³³
tɕuət²¹
tɕoŋ³²
kəm³³
kɔt⁴⁵
koŋ³³
kum²⁴
kəːm³³
kɨəp⁴⁵
kɛŋ³¹²
kat⁴⁵
kɨt⁴⁵
ziək²¹
zuŋ³²
ʔɛːŋ³³ ʔɛːk⁴⁵
ziət⁴⁵
ɣɔːŋ³²
hɛt⁴⁵
hom³³
hon³³
hoŋ³³
hɨŋ³³
het⁴⁵
hɔk²¹
hɔp²¹
hop²¹
ʔin³³
ʔiŋ³³
xaːk⁴⁵
xɛk⁴⁵
xaːt⁴⁵
xɔk⁴⁵
xak⁴⁵
kiəm²⁴
kiən²⁴
keŋ³³
kɛːŋ³¹²
lun³³
liŋ²⁴
luk⁴⁵
lut⁴⁵
lɨən²¹ˀ
lɨət²¹
lən³²
lək²¹
lɛːŋ³¹² sɛːŋ³¹²
leŋ²¹ˀ
ləːn²⁴
mɔːk²¹
muən³²
maːt⁴⁵
mit⁴⁵
mut⁴⁵
mat⁴⁵
mak²¹
mɛt²¹
meŋ²¹ˀ
met²¹
mok²¹
mot²¹
ŋɔn³³
ŋɔt²¹
ɲuəm²¹ˀ
nuət⁴⁵
nɨək⁴⁵
nep⁴⁵
ʔɔŋ³³
fɛːŋ³² la³³
fɛp⁴⁵
zuək²¹
zɛːk²¹
zə³² mɔːk²¹
saːŋ³³
saːk⁴⁵
sɛk⁴⁵
sɛːk⁴⁵
sɔŋ²⁴
sup⁴⁵
sɛŋ³¹²
sak⁴⁵
tʰaːp⁴⁵
tʰap⁴⁵
tim³³
tin³³
tiəp⁴⁵
tiən³²
tɔn³³
tɔːŋ³² tɛːŋ³³
ten³³
tom³³
ton³³
tot⁴⁵
ʔuŋ³³
sɛŋ³³
sɛn³³
siəŋ³³
sɔŋ³³
suəŋ³²
saːk⁴⁵
sik⁴⁵
sɔm²⁴
suk⁴⁵
saŋ³³
sɨəŋ³³
sɛːŋ³¹²
sek⁴⁵
ʔuk⁴⁵
ʔik⁴⁵
ʔit⁴⁵
ʔɔk⁴⁵
ʔoŋ³³
ʔan³³
ɗɛn³³
ɗiək⁴⁵
ɗem³³
ɗuŋ²⁴
ɗət⁴⁵
ɗen²⁴
ɗɨk⁴⁵
ɗɨt⁴⁵
ʔɨn³³
ʔɨən³³
ʔɨək⁴⁵
ʔɨət⁴⁵
ʔek⁴⁵
ʔok⁴⁵
ʔəːt⁴⁵
ʔɨk⁴⁵
