kin³³
ʂa³³ ɗɛːk⁴⁵
ʔaːŋ³³
ʔɛn³³
ɓa³³ tɔːŋ³³
ɓaːŋ³³
ɓuːm²¹
ɓuːŋ²¹
ɓuːk²¹²
ɓɛn⁴⁵
ɓɛːŋ⁴⁵
ɓaŋ³³
ɓɨːm⁴⁵
ɓaːk²¹²
ɓək⁴⁵
ɓəŋ²¹
ɓen²¹²
ɓoːŋ²¹ ɓeːŋ²¹
ɓəːk⁴⁵
kɛn³³
cuːk²¹²
cɔŋ²¹
kəm³³
kɔːk⁴⁵
kɔŋ³³
koːŋ³³ keːŋ³³
kum⁴⁵
kəːm³³
kɨːp⁴⁵
kɛn²¹⁴
kak⁴⁵
kɨk⁴⁵
jiːk²¹²
juŋ²¹
ʔɛːŋ³³ ʔɛːk⁴⁵
jiːk⁴⁵
ɡɔːŋ²¹
hɛːk⁴⁵
hom³³
hoŋ³³
hɔŋ³³
hɨŋ³³
het⁴⁵
hɔk²¹²
hɔp²¹²
hop²¹²
ʔin³³
ʔin³³
xaːk⁴⁵
xɛt⁴⁵
xaːk⁴⁵
xɔk⁴⁵
xak⁴⁵
kiːm⁴⁵
kiːŋ⁴⁵
ken³³
kɛːŋ²¹⁴
luŋ³³
lin⁴⁵
luk⁴⁵
luk⁴⁵
lɨːŋ²¹²
lɨːk²¹²
ləŋ²¹
lək²¹²
lɛːŋ²¹⁴ sɛːŋ²¹⁴
len²¹²
ləːŋ⁴⁵
mɔːk²¹²
muːŋ²¹
maːk⁴⁵
mit⁴⁵
muk⁴⁵
mak⁴⁵
mak²¹²
mɛːk²¹²
men²¹²
met²¹²
moːk⁴⁵
mɔk²¹²
mok²¹²
ŋɔːŋ³³
ŋɔːk²¹²
ɲuːm²¹²
nuːk⁴⁵
nɨːk⁴⁵
nep⁴⁵
ʔɔŋ³³
fɛːŋ²¹ la³³
fɛp⁴⁵
ruːk²¹²
rɛːk²¹²
rə²¹ mɔːk²¹²
ʂaːŋ³³
ʂaːk⁴⁵
ʂɛt⁴⁵
ʂɛːk⁴⁵
ʂɔŋ⁴⁵
ʂup⁴⁵
ʂɛn²¹⁴
ʂak⁴⁵
tʰaːp⁴⁵
tʰap⁴⁵
tim³³
tin³³
tiːp⁴⁵
tiːŋ²¹
tɔːŋ³³
tɔːŋ²¹ tɛːŋ³³
ten³³
tom³³
toŋ³³
tok⁴⁵
ʔuŋ³³
sɛn³³
sɛːŋ³³
siːŋ³³
sɔŋ³³
suːŋ²¹
saːk⁴⁵
sit⁴⁵
sɔm⁴⁵
suk⁴⁵
saŋ³³
sɨːŋ³³
sɛːŋ²¹⁴
set⁴⁵
ʔuk⁴⁵
ʔit⁴⁵
ʔit⁴⁵
ʔɔk⁴⁵
ʔɔŋ³³
ʔaŋ³³
ɗɛːŋ³³
ɗiːk⁴⁵
ɗem³³
ɗuŋ⁴⁵
ɗək⁴⁵
ɗen⁴⁵
ɗɨk⁴⁵
ɗɨk⁴⁵
ʔɨŋ³³
ʔɨːŋ³³
ʔɨːk⁴⁵
ʔɨːk⁴⁵
ʔet⁴⁵
ʔɔk⁴⁵
ʔəːk⁴⁵
ʔɨk⁴⁵
