ma³³
ma³²
ma²⁴
maːt⁴⁵
maːn²⁴
ma²¹ˀ
maːt²¹
maːn²¹ˀ
ma³¹²
ma³ˀ⁵