tʰi³³
tim³³
zip²¹
tin³³
mit⁴⁵
siŋ³³
tʰik⁴⁵
ziw²¹ˀ
tɨ³²
mɨt⁴⁵
sɨŋ³³
sɨk⁴⁵
ŋɨj³¹²
kɨw²⁴
tu³²
tum³³
zup⁴⁵
lun³²
ɓut⁴⁵
suŋ²⁴
suk⁴⁵
muj³²
tʰe²⁴
ɗem³³
sep⁴⁵
len³³
met²¹
keŋ³³
sek⁴⁵
new²⁴
tə³²
tʰəːm³³
ləːp⁴⁵
ləːn²⁴
ɓəːt⁴⁵
məːj²⁴
to³³
tom³³
hop²¹
non³³
ɓot²¹
soŋ³³
sok⁴⁵
moj³³
tʰɛ³¹²
tɛm³³
zɛp⁴⁵
xɛn³³
mɛt⁴⁵
sɛŋ³³
sɛk⁴⁵
zɛw³³
təm³³
ləp⁴⁵
lən³²
ɓət⁴⁵
təŋ³²
ɲək⁴⁵
məj²⁴
zəw³³
tɔ³³
tɔm³³
hɔp²¹
lɔn³³
ɓɔt²¹
sɔŋ³³
sɔk⁴⁵
mɔj²¹ˀ
tʰa³³
taːm²⁴
saːp⁴⁵
laːn³³
ɓaːt⁴⁵
saːŋ³³
saːk⁴⁵
maːj³³
zaːw³³
tam²⁴
sap⁴⁵
lan³³
ɓat⁴⁵
saŋ²⁴
sak⁴⁵
maj³³
zaw³³
tʰiə³²
tiəm³³
tiəp⁴⁵
liən³³
ɓiət⁴⁵
tiəŋ²⁴
tʰiək⁴⁵
ɲiəw³²
tʰuə³³
ɓuəm³²
luən³³
ɓuət⁴⁵
suəŋ²⁴
tʰuək⁴⁵
ɓuəj³¹²
tʰɨə³³
tɨəm³³
tɨəp⁴⁵
lɨən³³
ʔɨət⁴⁵
sɨəŋ³³
tʰɨək⁴⁵
ɓɨəj³¹²
zɨəw²¹ˀ